// Jest Snapshot v1, https://goo.gl/fbAQLP

exports[`Test Initial Page should match with snapshot when rendered 1`] = `
<div>
  <div
    class="h-screen pt-14"
  >
    <div
      class="fixed top-0 z-10 w-full py-3 text-white bg-green-700"
    >
      <div
        class="flex justify-between max-w-screen-xl px-5 mx-auto 2xl:px-0"
      >
        <h1
          class="text-2xl font-bold"
        >
          <span>
            PhoneWords
          </span>
        </h1>
        <select
          class="px-2 bg-transparent"
        >
          <option
            value="en"
          >
            EN
          </option>
          <option
            value="es"
          >
            ES
          </option>
          <option
            value="pt"
          >
            PT
          </option>
          <option
            value="ko"
          >
            KO
          </option>
          <option
            value="ja"
          >
            JA
          </option>
          <option
            value="fr"
          >
            FR
          </option>
          <option
            value="de"
          >
            DE
          </option>
        </select>
      </div>
    </div>
    <main
      class="flex max-w-screen-xl px-5 mx-auto"
    >
      <div
        class="flex flex-col w-full lg:flex-row lg:gap-6"
      >
        <div
          class="flex flex-col w-full lg:w-1/2"
        >
          <h1
            class="my-3 text-2xl font-bold tracking-wide text-gray-600"
          >
            Select your number sequence
          </h1>
          <div
            class="flex items-center h-16 px-2 py-3 text-lg"
          />
          <div>
            <div
              class="grid grid-cols-3 grid-row"
            >
              <button
                class="flex flex-col items-center p-4 m-2 font-bold text-green-700 rounded-xl bg-slate-300 hover:scale-110"
                data-testid="digit-button-1"
              >
                <span
                  class="text-2xl"
                >
                  1
                </span>
                <span
                  class="tracking-widest text-gray-700"
                />
              </button>
              <button
                class="flex flex-col items-center p-4 m-2 font-bold text-green-700 rounded-xl bg-slate-300 hover:scale-110"
                data-testid="digit-button-2"
              >
                <span
                  class="text-2xl"
                >
                  2
                </span>
                <span
                  class="tracking-widest text-gray-700"
                >
                  abc
                </span>
              </button>
              <button
                class="flex flex-col items-center p-4 m-2 font-bold text-green-700 rounded-xl bg-slate-300 hover:scale-110"
                data-testid="digit-button-3"
              >
                <span
                  class="text-2xl"
                >
                  3
                </span>
                <span
                  class="tracking-widest text-gray-700"
                >
                  def
                </span>
              </button>
              <button
                class="flex flex-col items-center p-4 m-2 font-bold text-green-700 rounded-xl bg-slate-300 hover:scale-110"
                data-testid="digit-button-4"
              >
                <span
                  class="text-2xl"
                >
                  4
                </span>
                <span
                  class="tracking-widest text-gray-700"
                >
                  ghi
                </span>
              </button>
              <button
                class="flex flex-col items-center p-4 m-2 font-bold text-green-700 rounded-xl bg-slate-300 hover:scale-110"
                data-testid="digit-button-5"
              >
                <span
                  class="text-2xl"
                >
                  5
                </span>
                <span
                  class="tracking-widest text-gray-700"
                >
                  jkl
                </span>
              </button>
              <button
                class="flex flex-col items-center p-4 m-2 font-bold text-green-700 rounded-xl bg-slate-300 hover:scale-110"
                data-testid="digit-button-6"
              >
                <span
                  class="text-2xl"
                >
                  6
                </span>
                <span
                  class="tracking-widest text-gray-700"
                >
                  mno
                </span>
              </button>
              <button
                class="flex flex-col items-center p-4 m-2 font-bold text-green-700 rounded-xl bg-slate-300 hover:scale-110"
                data-testid="digit-button-7"
              >
                <span
                  class="text-2xl"
                >
                  7
                </span>
                <span
                  class="tracking-widest text-gray-700"
                >
                  pqrs
                </span>
              </button>
              <button
                class="flex flex-col items-center p-4 m-2 font-bold text-green-700 rounded-xl bg-slate-300 hover:scale-110"
                data-testid="digit-button-8"
              >
                <span
                  class="text-2xl"
                >
                  8
                </span>
                <span
                  class="tracking-widest text-gray-700"
                >
                  tuv
                </span>
              </button>
              <button
                class="flex flex-col items-center p-4 m-2 font-bold text-green-700 rounded-xl bg-slate-300 hover:scale-110"
                data-testid="digit-button-9"
              >
                <span
                  class="text-2xl"
                >
                  9
                </span>
                <span
                  class="tracking-widest text-gray-700"
                >
                  wxyz
                </span>
              </button>
            </div>
          </div>
        </div>
        <div
          class="flex flex-col w-full lg:w-1/2"
        >
          <h1
            class="my-3 text-2xl font-bold tracking-wide text-gray-600"
          >
            Phonewords combinations
          </h1>
          <div
            class="mt-3 overflow-y-auto h-2/3 lg:h-4/5"
          >
            <div
              class="flex flex-wrap "
            />
          </div>
        </div>
      </div>
    </main>
    <footer
      class="fixed bottom-0 w-full py-2 text-sm font-bold text-center text-white bg-green-700"
    >
      Created by Claudivan
    </footer>
  </div>
</div>
`;
